2026-10-08 21:27:29 - INFO - __main__ - Logging started successfully.
2026-10-08 21:27:31 - INFO - __main__ - Command invoked: querytraffic | Argument: date=
2026-10-08 21:27:31 - INFO - __main__ - Command completed: querytraffic | No records found for date=NaT
2026-10-08 21:27:33 - INFO - __main__ - Command invoked: query_congestion | Arguments: day_type=, hour=
2026-10-08 21:27:33 - ERROR - __main__ - Invalid input for query_congestion. Expected 'weekday' or 'weekend', received ''.
2026-10-08 21:27:35 - INFO - __main__ - Command invoked: query_weather_day | Arguments: weather=, day_type=
2026-10-08 21:27:35 - ERROR - __main__ - Invalid input for query_weather_day. Unknown weather condition: ''.
2026-10-08 21:27:42 - INFO - __main__ - Command invoked: A
2026-10-08 21:27:51 - INFO - __main__ - Command invoked: querytraffic | Argument: date=2014-09-28
2026-10-08 21:27:51 - INFO - __main__ - Command completed: querytraffic | No records found for date=2014-09-28
2026-10-08 21:27:54 - INFO - __main__ - Command invoked: A
2026-10-08 21:27:58 - INFO - __main__ - Command invoked: querytraffic | Argument: date=2016-09-29
2026-10-08 21:27:59 - INFO - __main__ - Command completed successfully: querytraffic | Date=2016-09-29 | Records=24 | Weather mode=Clear | Average traffic volume=3467.67
2026-10-08 21:28:01 - INFO - __main__ - Command invoked: A
2026-10-08 21:28:07 - INFO - __main__ - Command invoked: querytraffic | Argument: date=20123-2121-11
2026-10-08 21:28:07 - ERROR - __main__ - Invalid input for querytraffic. Malformed date supplied: '20123-2121-11'. Expected format: YYYY-MM-DD.
2026-10-08 21:28:10 - INFO - __main__ - Command invoked: B
2026-10-08 21:28:15 - INFO - __main__ - Command invoked: query_congestion | Arguments: day_type=weeken, hour=1
2026-10-08 21:28:15 - ERROR - __main__ - Invalid input for query_congestion. Expected 'weekday' or 'weekend', received 'weeken'.
2026-10-08 21:28:18 - INFO - __main__ - Command invoked: B
2026-10-08 21:28:22 - INFO - __main__ - Command invoked: query_congestion | Arguments: day_type=weekend, hour=a
2026-10-08 21:28:22 - ERROR - __main__ - Invalid input for query_congestion. Invalid hour 'a'. Expected an integer between 0 and 23.
2026-10-08 21:28:26 - INFO - __main__ - Command invoked: B
2026-10-08 21:28:29 - INFO - __main__ - Command invoked: query_congestion | Arguments: day_type=weekday, hour=7
2026-10-08 21:28:29 - INFO - __main__ - Command completed successfully: query_congestion | Day type=weekday | Hour=07 | Records=1475 | Congestion mode=High
2026-10-08 21:28:34 - INFO - __main__ - Command invoked: C
2026-10-08 21:28:40 - INFO - __main__ - Command invoked: query_weather_day | Arguments: weather=cloudy, day_type=week
2026-10-08 21:28:40 - ERROR - __main__ - Invalid input for query_weather_day. Unknown weather condition: 'cloudy'.
2026-10-08 21:28:43 - INFO - __main__ - Command invoked: C
2026-10-08 21:28:48 - INFO - __main__ - Command invoked: query_weather_day | Arguments: weather=clouds, day_type=weekday
2026-10-08 21:28:48 - INFO - __main__ - Command completed successfully: query_weather_day | Weather=Clouds | Day type=weekday | Records=10915 | Average traffic volume=3872.16 | Congestion mode=High
2026-10-08 21:28:54 - INFO - __main__ - Command invoked: D
2026-10-08 21:28:54 - INFO - __main__ - Command invoked: display_database
2026-10-08 21:28:57 - INFO - __main__ - Command invoked: Q
2026-10-08 21:28:57 - INFO - __main__ - Command invoked: quit
